// Jest Snapshot v1, https://goo.gl/fbAQLP

exports[`renders footer without crashing 1`] = `
<Navbar
  className="footer"
  collapseOnSelect={true}
  expand="sm"
  variant="light"
>
  <Container
    fluid={false}
  >
    <NavbarCollapse
      className="justify-content-start"
      style={
        Object {
          "color": "white",
        }
      }
    >
      <span
        style={
          Object {
            "color": "#ccc",
          }
        }
      >
        Developed by 
      </span>
      <a
        className="text-decoration-none"
        href="https://www.amanieric.com/"
        rel="noreferrer"
        style={
          Object {
            "color": "white",
          }
        }
        target="_blank"
      >
           AMANI Eric
      </a>
    </NavbarCollapse>
    <NavbarCollapse
      className="justify-content-end"
      style={
        Object {
          "color": "white",
        }
      }
    >
      <span
        style={
          Object {
            "color": "#ccc",
          }
        }
      >
        Designed by 
      </span>
        
      <a
        className="text-decoration-none"
        href="https://awesomity.rw/"
        rel="norefferrer noreferrer"
        style={
          Object {
            "color": "white",
          }
        }
        target="_blank"
      >
         Awesomity Lab 
      </a>
       
    </NavbarCollapse>
  </Container>
</Navbar>
`;
