// Jest Snapshot v1, https://goo.gl/fbAQLP

exports[`renders navbar without crashing 1`] = `
<ContextProvider
  value={
    Object {
      "bsPrefix": "navbar",
      "expanded": false,
      "onToggle": [Function],
    }
  }
>
  <ContextProvider
    value={[Function]}
  >
    <nav
      className="navbar navbar-expand navbar-light"
    />
  </ContextProvider>
</ContextProvider>
`;
